Couldn't read file ".\output\err_floatConstant4.asm"
