Couldn't read file ".\output\err_identifier2.asm"
