Couldn't read file ".\output\err_stringConstant1.asm"
