Couldn't read file ".\output\err_charConstant3.asm"
