Couldn't read file ".\output\err_negativeIntegers2.asm"
