Couldn't read file ".\output\err_charConstant2.asm"
