Couldn't read file ".\output\err_floatConstant3.asm"
