Couldn't read file ".\output\err_blockStmt2.asm"
