Couldn't read file ".\output\err_blockStmt3.asm"
