Fib(1) is 1
Fib(2) is 2
Fib(3) is 3
Fib(4) is 5
Fib(5) is 8
Fib(6) is 13
Fib(7) is 21
Fib(8) is 34
Fib(9) is 55
Fib(10) is 89
Fib(11) is 144
Fib(12) is 233
Fib(13) is 377
Fib(14) is 610
Fib(15) is 987
Fib(16) is 1597
Fib(17) is 2584
Fib(18) is 4181
Fib(19) is 6765
