Couldn't read file ".\output\err_typecheck_lesser_string_character.asm"
