Couldn't read file ".\output\err_typecheck_not_equal_integer_boolean.asm"
