Couldn't read file ".\output\err_typecheck_greater_or_equal_boolean_floating.asm"
