Couldn't read file ".\output\err_typecheck_subtract_floating_boolean.asm"
