Couldn't read file ".\output\err_typecheck_multiply_boolean_floating.asm"
