Couldn't read file ".\output\err_typecheck_lesser_character_string.asm"
