Couldn't read file ".\output\err_typecheck_equal_boolean_floating.asm"
