Couldn't read file ".\output\err_typecheck_assign_boolean_character.asm"
