Couldn't read file ".\output\err_typecheck_add_floating_string.asm"
