Couldn't read file ".\output\err_typecheck_subtract_integer_boolean.asm"
