Couldn't read file ".\output\err_typecheck_not_equal_floating_string.asm"
