Couldn't read file ".\output\err_typecheck_lesser_or_equal_string_string.asm"
