Couldn't read file ".\output\err_typecheck_cast_string_character.asm"
