Couldn't read file ".\output\err_typecheck_add_integer_boolean.asm"
