Couldn't read file ".\output\err_typecheck_assign_character_boolean.asm"
