Couldn't read file ".\output\err_typecheck_divide_integer_string.asm"
