Couldn't read file ".\output\err_typecheck_greater_boolean_floating.asm"
