Couldn't read file ".\output\err_typecheck_add_string_integer.asm"
