Couldn't read file ".\output\err_typecheck_cast_floating_boolean.asm"
