Couldn't read file ".\output\err_typecheck_multiply_floating_string.asm"
