Couldn't read file ".\output\err_typecheck_not_equal_boolean_string.asm"
