Couldn't read file ".\output\err_typecheck_greater_string_floating.asm"
