Couldn't read file ".\output\err_typecheck_lesser_boolean_character.asm"
