Couldn't read file ".\output\err_typecheck_add_character_boolean.asm"
