Couldn't read file ".\output\err_typecheck_divide_floating_boolean.asm"
