Couldn't read file ".\output\err_typecheck_multiply_character_string.asm"
