Couldn't read file ".\output\err_typecheck_not_equal_character_boolean.asm"
