Couldn't read file ".\output\err_typecheck_lesser_integer_string.asm"
