[_1/2, -1_2/3, _3/4, 1_4/5, _2/17]
[[1, 1], [3, 2], [5, 3], [7, 5], [9, 7], [11, 11]]
[_21/26, _56/75, _85/96][_14/39, 5_1/10, _7/208, 2_14/25, 5_89/256]